AREA .  .ABS.
	RADIX HEX
	BASE 0000
	SIZE 0000
	ATTRIB ABS OVR
	GLOBALS
		l__HEAP	0000
		l__BSEG	0000
		l_.  .ABS.	0000
		l__GSFINAL	0000
		l__ISEG	0000
		s_.  .ABS.	0000
		s__HEADER	0000
		l__XSEG	0000
		.init	0000
		l__OVERLAY	0000
		l__LIT	0000
		l__GSINITTAIL	0001
		l__BSS	0059
		l__HOME	01AC
		l__HEADER	01E1
		s__CODE	0200
		l__BASE	0201
		l__CODE	028A
		s__HOME	048A
		s__BASE	0636
		s__LIT	0837
		s__GSINIT	0837
		l__DATA	11F5
		l__GSINIT	6B82
		s__GSINITTAIL	73B9
		s__GSFINAL	73BA
		.OAM	C000
		s__DATA	C0A0
		s__BSS	D295
		s__HEAP	D2EE
		s__BSEG	D2EE
		s__ISEG	D2EE
		s__XSEG	D2EE
		s__OVERLAY	D2EE
		.STACK	E000
		.refresh_OAM	FF80
AREA _CODE
	RADIX HEX
	BASE 0200
	SIZE 028A
	ATTRIB REL CON
	GLOBALS
		_set_background_tiles	0200
		_bgpal	030F
		_main	034F
		_set_bkg_palette_entry	03CF
		_set_sprite_palette_entry	03F7
		_cpu_slow	041F
		_cpu_fast	043A
		_cgb_compatibility	0441
AREA _HEADER
	RADIX HEX
	BASE 0000
	SIZE 01E1
	ATTRIB ABS OVR
	GLOBALS
		_exit	01D2
AREA _HOME
	RADIX HEX
	BASE 048A
	SIZE 01AC
	ATTRIB REL CON
	GLOBALS
		.set_mode	048A
		.remove_VBL	049A
		.remove_LCD	04A0
		.remove_TIM	04A6
		.remove_SIO	04AC
		.remove_JOY	04B2
		.add_VBL	04B8
		.add_LCD	04BE
		.add_TIM	04C4
		.add_SIO	04CA
		.add_JOY	04D0
		.remove_int	04D6
		.add_int	04F6
		.wait_vbl_done	0512
		_wait_vbl_done	0512
		_display_off	0529
		.display_off	0529
		.serial_IO	054A
		_mode	0579
		_get_mode	0582
		_enable_interrupts	0587
		_disable_interrupts	0589
		_reset	058B
		.reset	058B
		_set_interrupts	0591
		_remove_VBL	059C
		_remove_LCD	05A7
		_remove_TIM	05B2
		_remove_SIO	05BD
		_remove_JOY	05C8
		_add_VBL	05D3
		_add_LCD	05DE
		_add_TIM	05E9
		_add_SIO	05F4
		_add_JOY	05FF
		_clock	060A
		__printTStates	0613
		banked_call	0614
		banked_ret	062D
AREA _BASE
	RADIX HEX
	BASE 0636
	SIZE 0201
	ATTRIB REL CON
	GLOBALS
		_scroll_bkg	0636
		_set_bkg_palette	064C
		_set_sprite_palette	0677
		__mulschar	06A2
		__muluchar	06A2
		__mulsint	06AE
		__muluint	06AE
		.mulu16	06C2
		.mul16	06C2
		.delay	06D8
		_delay	0712
		_set_win_data	071B
		_set_bkg_data	071B
		_set_sprite_data	0768
		.copy_vram	0797
		_get_data	07A6
		_set_data	07A6
		_set_bkg_tiles	07B9
		.set_xy_wtt	07CD
		.set_xy_btt	07DE
		.set_xy_tt	07ED
		_set_tiles	081E
AREA _LIT
	RADIX HEX
	BASE 0837
	SIZE 0000
	ATTRIB REL CON
AREA _GSINIT
	RADIX HEX
	BASE 0837
	SIZE 6B82
	ATTRIB REL CON
	GLOBALS
		gsinit	0837
AREA _GSINITTAIL
	RADIX HEX
	BASE 73B9
	SIZE 0001
	ATTRIB REL CON
AREA _GSFINAL
	RADIX HEX
	BASE 73BA
	SIZE 0000
	ATTRIB REL CON
AREA _DATA
	RADIX HEX
	BASE C0A0
	SIZE 11F5
	ATTRIB REL CON
	GLOBALS
		_mainmaptilesCGB	C0A0
		_mainmaptiles	C0AB
		_mainmap	C15B
		_background_tile_map	D28B
		_background_tiles	D28D
		_background_tile_palette	D28F
		_background_palette_itx_x	D291
		_background_palette_itx_y	D293
AREA _BSS
	RADIX HEX
	BASE D295
	SIZE 0059
	ATTRIB REL CON
	GLOBALS
		__cpu	D295
		.mode	D296
		__io_out	D297
		__io_in	D298
		__io_status	D299
		.vbl_done	D29A
		__current_bank	D29B
		_sys_time	D29C
		.sys_time	D29C
		.int_0x40	D29E
		.int_0x48	D2AE
		.int_0x50	D2BE
		.int_0x58	D2CE
		.int_0x60	D2DE
AREA _HEAP
	RADIX HEX
	BASE D2EE
	SIZE 0000
	ATTRIB REL CON
	GLOBALS
		_malloc_heap_start	D2EE
AREA _OVERLAY
	RADIX HEX
	BASE D2EE
	SIZE 0000
	ATTRIB REL CON
AREA _ISEG
	RADIX HEX
	BASE D2EE
	SIZE 0000
	ATTRIB REL CON
AREA _BSEG
	RADIX HEX
	BASE D2EE
	SIZE 0000
	ATTRIB REL CON
AREA _XSEG
	RADIX HEX
	BASE D2EE
	SIZE 0000
	ATTRIB REL CON
MODULES
	FILE C:\GBDK\lib/small/asxxxx/gb/crt0.o
		NAME Runtime
	FILE main.o
		NAME lcc32720
LIBRARIES
	LIBRARY C:\GBDK\lib/small/asxxxx/gb/gb.lib
		MODULE scroll_b.o
	LIBRARY C:\GBDK\lib/small/asxxxx/gb/gb.lib
		MODULE cgb.o
	LIBRARY C:\GBDK\lib/small/asxxxx/gbz80/gbz80.lib
		MODULE mul.o
	LIBRARY C:\GBDK\lib/small/asxxxx/gb/gb.lib
		MODULE delay.o
	LIBRARY C:\GBDK\lib/small/asxxxx/gb/gb.lib
		MODULE set_data.o
	LIBRARY C:\GBDK\lib/small/asxxxx/gb/gb.lib
		MODULE cpy_data.o
	LIBRARY C:\GBDK\lib/small/asxxxx/gb/gb.lib
		MODULE set_bk_t.o
	LIBRARY C:\GBDK\lib/small/asxxxx/gb/gb.lib
		MODULE set_xy_t.o
USERBASEDEF
	_CODE=0x0200
	_DATA=0xC0A0
	_CODE_1=0x4000
USERGLOBALDEF
	.OAM=0xC000
	.STACK=0xE000
	.refresh_OAM=0xFF80
	.init=0x0000
