AREA .  .ABS.
	RADIX HEX
	BASE 0000
	SIZE 0000
	ATTRIB ABS OVR
	GLOBALS
		l__HEAP	0000
		l__BSEG	0000
		l_.  .ABS.	0000
		l__GSFINAL	0000
		l__ISEG	0000
		s_.  .ABS.	0000
		s__HEADER	0000
		l__XSEG	0000
		.init	0000
		l__OVERLAY	0000
		l__LIT	0000
		l__GSINITTAIL	0001
		l__BSS	0059
		l__CODE	0187
		l__HOME	01AC
		l__BASE	01CB
		l__HEADER	01E1
		s__CODE	0200
		s__HOME	0387
		s__BASE	0533
		s__LIT	06FE
		s__GSINIT	06FE
		l__DATA	11E0
		l__GSINIT	6B40
		s__GSINITTAIL	723E
		s__GSFINAL	723F
		.OAM	C000
		s__DATA	C0A0
		s__BSS	D280
		s__HEAP	D2D9
		s__BSEG	D2D9
		s__ISEG	D2D9
		s__XSEG	D2D9
		s__OVERLAY	D2D9
		.STACK	E000
		.refresh_OAM	FF80
AREA _CODE
	RADIX HEX
	BASE 0200
	SIZE 0187
	ATTRIB REL CON
	GLOBALS
		_main	0200
		_bgpal	028C
		_set_bkg_palette_entry	02CC
		_set_sprite_palette_entry	02F4
		_cpu_slow	031C
		_cpu_fast	0337
		_cgb_compatibility	033E
AREA _HEADER
	RADIX HEX
	BASE 0000
	SIZE 01E1
	ATTRIB ABS OVR
	GLOBALS
		_exit	01D2
AREA _HOME
	RADIX HEX
	BASE 0387
	SIZE 01AC
	ATTRIB REL CON
	GLOBALS
		.set_mode	0387
		.remove_VBL	0397
		.remove_LCD	039D
		.remove_TIM	03A3
		.remove_SIO	03A9
		.remove_JOY	03AF
		.add_VBL	03B5
		.add_LCD	03BB
		.add_TIM	03C1
		.add_SIO	03C7
		.add_JOY	03CD
		.remove_int	03D3
		.add_int	03F3
		.wait_vbl_done	040F
		_wait_vbl_done	040F
		_display_off	0426
		.display_off	0426
		.serial_IO	0447
		_mode	0476
		_get_mode	047F
		_enable_interrupts	0484
		_disable_interrupts	0486
		_reset	0488
		.reset	0488
		_set_interrupts	048E
		_remove_VBL	0499
		_remove_LCD	04A4
		_remove_TIM	04AF
		_remove_SIO	04BA
		_remove_JOY	04C5
		_add_VBL	04D0
		_add_LCD	04DB
		_add_TIM	04E6
		_add_SIO	04F1
		_add_JOY	04FC
		_clock	0507
		__printTStates	0510
		banked_call	0511
		banked_ret	052A
AREA _BASE
	RADIX HEX
	BASE 0533
	SIZE 01CB
	ATTRIB REL CON
	GLOBALS
		_scroll_bkg	0533
		_set_bkg_palette	0549
		_set_sprite_palette	0574
		.delay	059F
		_delay	05D9
		_set_win_data	05E2
		_set_bkg_data	05E2
		_set_sprite_data	062F
		.copy_vram	065E
		_get_data	066D
		_set_data	066D
		_set_bkg_tiles	0680
		.set_xy_wtt	0694
		.set_xy_btt	06A5
		.set_xy_tt	06B4
		_set_tiles	06E5
AREA _LIT
	RADIX HEX
	BASE 06FE
	SIZE 0000
	ATTRIB REL CON
AREA _GSINIT
	RADIX HEX
	BASE 06FE
	SIZE 6B40
	ATTRIB REL CON
	GLOBALS
		gsinit	06FE
AREA _GSINITTAIL
	RADIX HEX
	BASE 723E
	SIZE 0001
	ATTRIB REL CON
AREA _GSFINAL
	RADIX HEX
	BASE 723F
	SIZE 0000
	ATTRIB REL CON
AREA _DATA
	RADIX HEX
	BASE C0A0
	SIZE 11E0
	ATTRIB REL CON
	GLOBALS
		_mainmaptiles	C0A0
		_mainmap	C150
AREA _BSS
	RADIX HEX
	BASE D280
	SIZE 0059
	ATTRIB REL CON
	GLOBALS
		__cpu	D280
		.mode	D281
		__io_out	D282
		__io_in	D283
		__io_status	D284
		.vbl_done	D285
		__current_bank	D286
		_sys_time	D287
		.sys_time	D287
		.int_0x40	D289
		.int_0x48	D299
		.int_0x50	D2A9
		.int_0x58	D2B9
		.int_0x60	D2C9
AREA _HEAP
	RADIX HEX
	BASE D2D9
	SIZE 0000
	ATTRIB REL CON
	GLOBALS
		_malloc_heap_start	D2D9
AREA _OVERLAY
	RADIX HEX
	BASE D2D9
	SIZE 0000
	ATTRIB REL CON
AREA _ISEG
	RADIX HEX
	BASE D2D9
	SIZE 0000
	ATTRIB REL CON
AREA _BSEG
	RADIX HEX
	BASE D2D9
	SIZE 0000
	ATTRIB REL CON
AREA _XSEG
	RADIX HEX
	BASE D2D9
	SIZE 0000
	ATTRIB REL CON
MODULES
	FILE C:\GBDK\lib/small/asxxxx/gb/crt0.o
		NAME Runtime
	FILE main.o
		NAME lcc17760
LIBRARIES
	LIBRARY C:\GBDK\lib/small/asxxxx/gb/gb.lib
		MODULE scroll_b.o
	LIBRARY C:\GBDK\lib/small/asxxxx/gb/gb.lib
		MODULE cgb.o
	LIBRARY C:\GBDK\lib/small/asxxxx/gb/gb.lib
		MODULE delay.o
	LIBRARY C:\GBDK\lib/small/asxxxx/gb/gb.lib
		MODULE set_data.o
	LIBRARY C:\GBDK\lib/small/asxxxx/gb/gb.lib
		MODULE cpy_data.o
	LIBRARY C:\GBDK\lib/small/asxxxx/gb/gb.lib
		MODULE set_bk_t.o
	LIBRARY C:\GBDK\lib/small/asxxxx/gb/gb.lib
		MODULE set_xy_t.o
USERBASEDEF
	_CODE=0x0200
	_DATA=0xC0A0
	_CODE_1=0x4000
USERGLOBALDEF
	.OAM=0xC000
	.STACK=0xE000
	.refresh_OAM=0xFF80
	.init=0x0000
